frame=1271
fps=127.00
stream_0_0_q=-0.0
bitrate=N/A
total_size=N/A
out_time_us=42430000
out_time_ms=42430000
out_time=00:00:42.430000
dup_frames=0
drop_frames=0
speed=4.24x
progress=continue
frame=2401
fps=120.00
stream_0_0_q=-0.0
bitrate=N/A
total_size=N/A
out_time_us=80153000
out_time_ms=80153000
out_time=00:01:20.153000
dup_frames=0
drop_frames=0
speed=4.01x
progress=continue
frame=3551
fps=118.32
stream_0_0_q=-0.0
bitrate=N/A
total_size=N/A
out_time_us=118545000
out_time_ms=118545000
out_time=00:01:58.545000
dup_frames=0
drop_frames=0
speed=3.95x
progress=continue
frame=4635
fps=116.75
stream_0_0_q=-0.0
bitrate=N/A
total_size=N/A
out_time_us=154732000
out_time_ms=154732000
out_time=00:02:34.732000
dup_frames=0
drop_frames=0
speed= 3.9x
progress=end
