frame=577
fps=57.67
stream_0_0_q=-0.0
bitrate=N/A
total_size=N/A
out_time_us=19262227
out_time_ms=19262227
out_time=00:00:19.262227
dup_frames=0
drop_frames=0
speed=1.93x
progress=continue
frame=1141
fps=57.03
stream_0_0_q=-0.0
bitrate=N/A
total_size=N/A
out_time_us=38090469
out_time_ms=38090469
out_time=00:00:38.090469
dup_frames=0
drop_frames=0
speed= 1.9x
progress=continue
frame=1713
fps=57.06
stream_0_0_q=-0.0
bitrate=N/A
total_size=N/A
out_time_us=57185779
out_time_ms=57185779
out_time=00:00:57.185779
dup_frames=0
drop_frames=0
speed= 1.9x
progress=continue
frame=2232
fps=55.76
stream_0_0_q=-0.0
bitrate=N/A
total_size=N/A
out_time_us=74511768
out_time_ms=74511768
out_time=00:01:14.511768
dup_frames=0
drop_frames=0
speed=1.86x
progress=continue
frame=2872
fps=57.39
stream_0_0_q=-0.0
bitrate=N/A
total_size=N/A
out_time_us=95877149
out_time_ms=95877149
out_time=00:01:35.877149
dup_frames=0
drop_frames=0
speed=1.92x
progress=continue
frame=3441
fps=57.30
stream_0_0_q=-0.0
bitrate=N/A
total_size=N/A
out_time_us=114872308
out_time_ms=114872308
out_time=00:01:54.872308
dup_frames=0
drop_frames=0
speed=1.91x
progress=continue
frame=4011
fps=57.25
stream_0_0_q=-0.0
bitrate=N/A
total_size=N/A
out_time_us=133900851
out_time_ms=133900851
out_time=00:02:13.900851
dup_frames=0
drop_frames=0
speed=1.91x
progress=continue
frame=4565
fps=57.01
stream_0_0_q=-0.0
bitrate=N/A
total_size=N/A
out_time_us=152395260
out_time_ms=152395260
out_time=00:02:32.395260
dup_frames=0
drop_frames=0
speed= 1.9x
progress=continue
frame=4635
fps=56.94
stream_0_0_q=-0.0
bitrate=N/A
total_size=N/A
out_time_us=154732098
out_time_ms=154732098
out_time=00:02:34.732098
dup_frames=0
drop_frames=0
speed= 1.9x
progress=end
